MPLINK 5.09, LINKER
Linker Map File - Created Fri Nov 11 17:52:13 2022

                                 Section Info
                  Section       Type    Address   Location Size(Bytes)
                ---------  ---------  ---------  ---------  ---------
                   .org_0       code   0x000000    program   0x000002
                   .cinit    romdata   0x000001    program   0x000004
                   .org_1       code   0x000005    program   0x000028



                              Program Memory Usage 
                               Start         End      
                           ---------   ---------      
                            0x000000    0x000002      
                            0x000005    0x000018      
            23 out of 8455 program addresses used, program memory utilization is 0%



                              Symbols - Sorted by Name
                     Name    Address   Location    Storage File                     
                ---------  ---------  ---------  --------- ---------                
                 CONTINUE   0x00000f    program     static C:\Users\Marck\MPLABXProjects\Ejercicio_3.3.X\ejercicio_3.3.asm
                      FIN   0x000018    program     static C:\Users\Marck\MPLABXProjects\Ejercicio_3.3.X\ejercicio_3.3.asm
                     MAIN   0x000005    program     static C:\Users\Marck\MPLABXProjects\Ejercicio_3.3.X\ejercicio_3.3.asm
                SIN_CARRY   0x000014    program     static C:\Users\Marck\MPLABXProjects\Ejercicio_3.3.X\ejercicio_3.3.asm
             _.org_1_0018   0x000018    program     static C:\Users\Marck\MPLABXProjects\Ejercicio_3.3.X\ejercicio_3.3.asm



                              Symbols - Sorted by Address
                     Name    Address   Location    Storage File                     
                ---------  ---------  ---------  --------- ---------                
                     MAIN   0x000005    program     static C:\Users\Marck\MPLABXProjects\Ejercicio_3.3.X\ejercicio_3.3.asm
                 CONTINUE   0x00000f    program     static C:\Users\Marck\MPLABXProjects\Ejercicio_3.3.X\ejercicio_3.3.asm
                SIN_CARRY   0x000014    program     static C:\Users\Marck\MPLABXProjects\Ejercicio_3.3.X\ejercicio_3.3.asm
                      FIN   0x000018    program     static C:\Users\Marck\MPLABXProjects\Ejercicio_3.3.X\ejercicio_3.3.asm
             _.org_1_0018   0x000018    program     static C:\Users\Marck\MPLABXProjects\Ejercicio_3.3.X\ejercicio_3.3.asm


